Build tvOS IPA	Checkout	2026-09-15T23:31:50.4582680Z hint: to use in all of your new repositories, which will suppress this warning,
Build tvOS IPA	Build for tvOS	2026-09-15T23:34:14.5534960Z --- xcodebuild: WARNING: Using the first of multiple matching destinations:
Build tvOS IPA	Build for tvOS	2026-09-15T23:34:20.1972260Z --- xcodebuild: WARNING: Using the first of multiple matching destinations:
Build tvOS IPA	Build for tvOS	2026-09-15T23:34:40.3003650Z error: Multiple commands produce '/Users/runner/Library/Developer/Xcode/DerivedData/HDrezka-ejpgdjremzhqyzaknchtnoyztktq/Build/Intermediates.noindex/ArchiveIntermediates/HDrezka/InstallationBuildProductsLocation/Applications/HDrezka.app/Info.plist'
Build tvOS IPA	Build for tvOS	2026-09-15T23:34:40.6776610Z ** ARCHIVE FAILED **
Build tvOS IPA	Build for tvOS	2026-09-15T23:34:40.7108000Z The following build commands failed:
Build tvOS IPA	Build for tvOS	2026-09-15T23:34:40.7311110Z (1 failure)
Build tvOS IPA	Build for tvOS	2026-09-15T23:34:40.7613230Z /Users/runner/work/hdrezka-tvos/hdrezka-tvos/HDrezka.xcodeproj: warning: The Copy Bundle Resources build phase contains this target's Info.plist file '/Users/runner/work/hdrezka-tvos/hdrezka-tvos/HDrezka/tvOS/Info.plist'. (in target 'HDrezka' from project 'HDrezka')
Build tvOS IPA	Build for tvOS	2026-09-15T23:34:40.7714440Z warning: Run script build phase 'Run Script' will be run during every build because it does not specify any outputs. To address this issue, either add output dependencies to the script phase, or configure it to run in every build by unchecking "Based on dependency analysis" in the script phase. (in target 'HDrezka' from project 'HDrezka')
Build tvOS IPA	Build for tvOS	2026-09-15T23:34:40.7817960Z warning: Run script build phase 'Run Script' will be run during every build because it does not specify any outputs. To address this issue, either add output dependencies to the script phase, or configure it to run in every build by unchecking "Based on dependency analysis" in the script phase. (in target 'HDrezka' from project 'HDrezka')
Build tvOS IPA	Build for tvOS	2026-09-15T23:34:40.7921440Z warning: duplicate output file '/Users/runner/Library/Developer/Xcode/DerivedData/HDrezka-ejpgdjremzhqyzaknchtnoyztktq/Build/Intermediates.noindex/ArchiveIntermediates/HDrezka/InstallationBuildProductsLocation/Applications/HDrezka.app/Info.plist' on task: CopyPlistFile /Users/runner/Library/Developer/Xcode/DerivedData/HDrezka-ejpgdjremzhqyzaknchtnoyztktq/Build/Intermediates.noindex/ArchiveIntermediates/HDrezka/InstallationBuildProductsLocation/Applications/HDrezka.app/Info.plist /Users/runner/work/hdrezka-tvos/hdrezka-tvos/HDrezka/tvOS/Resources/Info.plist (in target 'HDrezka' from project 'HDrezka')
Build tvOS IPA	Build for tvOS	2026-09-15T23:34:40.8022440Z warning: duplicate output file '/Users/runner/Library/Developer/Xcode/DerivedData/HDrezka-ejpgdjremzhqyzaknchtnoyztktq/Build/Intermediates.noindex/ArchiveIntermediates/HDrezka/InstallationBuildProductsLocation/Applications/HDrezka.app/Info.plist' on task: ProcessInfoPlistFile /Users/runner/Library/Developer/Xcode/DerivedData/HDrezka-ejpgdjremzhqyzaknchtnoyztktq/Build/Intermediates.noindex/ArchiveIntermediates/HDrezka/InstallationBuildProductsLocation/Applications/HDrezka.app/Info.plist /Users/runner/work/hdrezka-tvos/hdrezka-tvos/HDrezka/tvOS/Info.plist (in target 'HDrezka' from project 'HDrezka')
Build tvOS IPA	Build for tvOS	2026-09-15T23:34:40.8317790Z ##[error]Process completed with exit code 65.
